components/ui/context-menu.tsx(144,6): error TS2375: Type '{ children: (ReactNode | Element)[]; slot?: string | undefined; style?: CSSProperties | undefined; title?: string | undefined; key?: Key | null | undefined; ... 281 more ...; checked: CheckedState | undefined; }' is not assignable to type 'ContextMenuCheckboxItemProps' with 'exactOptionalPropertyTypes: true'. Consider adding 'undefined' to the types of the target's properties.
  Types of property 'checked' are incompatible.
    Type 'CheckedState | undefined' is not assignable to type 'CheckedState'.
      Type 'undefined' is not assignable to type 'CheckedState'.
components/ui/dropdown-menu.tsx(92,6): error TS2375: Type '{ children: (ReactNode | Element)[]; slot?: string | undefined; style?: CSSProperties | undefined; title?: string | undefined; key?: Key | null | undefined; ... 281 more ...; checked: CheckedState | undefined; }' is not assignable to type 'DropdownMenuCheckboxItemProps' with 'exactOptionalPropertyTypes: true'. Consider adding 'undefined' to the types of the target's properties.
  Types of property 'checked' are incompatible.
    Type 'CheckedState | undefined' is not assignable to type 'CheckedState'.
      Type 'undefined' is not assignable to type 'CheckedState'.
components/ui/menubar.tsx(121,6): error TS2375: Type '{ children: (ReactNode | Element)[]; slot?: string | undefined; style?: CSSProperties | undefined; title?: string | undefined; key?: Key | null | undefined; ... 281 more ...; checked: CheckedState | undefined; }' is not assignable to type 'MenubarCheckboxItemProps' with 'exactOptionalPropertyTypes: true'. Consider adding 'undefined' to the types of the target's properties.
  Types of property 'checked' are incompatible.
    Type 'CheckedState | undefined' is not assignable to type 'CheckedState'.
      Type 'undefined' is not assignable to type 'CheckedState'.
components/ui/slider.tsx(27,6): error TS2375: Type '{ children: (Element | Element[])[]; name?: string; disabled?: boolean; orientation?: "horizontal" | "vertical" | undefined; dir?: Direction; step?: number; minStepsBetweenThumbs?: number; ... 287 more ...; className: string; }' is not assignable to type 'SliderProps' with 'exactOptionalPropertyTypes: true'. Consider adding 'undefined' to the types of the target's properties.
  Types of property 'value' are incompatible.
    Type 'number[] | undefined' is not assignable to type 'number[]'.
      Type 'undefined' is not assignable to type 'number[]'.
components/ui/sonner.tsx(10,6): error TS2375: Type '{ invert?: boolean; theme: "system" | "light" | "dark" | undefined; position?: Position; hotkey?: string[]; richColors?: boolean; expand?: boolean; duration?: number; gap?: number; visibleToasts?: number; ... 11 more ...; pauseWhenPageIsHidden?: boolean; }' is not assignable to type 'ToasterProps' with 'exactOptionalPropertyTypes: true'. Consider adding 'undefined' to the types of the target's properties.
  Types of property 'theme' are incompatible.
    Type '"system" | "light" | "dark" | undefined' is not assignable to type '"system" | "light" | "dark"'.
      Type 'undefined' is not assignable to type '"system" | "light" | "dark"'.
components/ui/use-toast.ts(187,45): error TS2345: Argument of type '{ type: "DISMISS_TOAST"; toastId: string | undefined; }' is not assignable to parameter of type 'Action'.
  Type '{ type: "DISMISS_TOAST"; toastId: string | undefined; }' is not assignable to type '{ type: "DISMISS_TOAST"; toastId?: string; }' with 'exactOptionalPropertyTypes: true'. Consider adding 'undefined' to the types of the target's properties.
    Types of property 'toastId' are incompatible.
      Type 'string | undefined' is not assignable to type 'string'.
        Type 'undefined' is not assignable to type 'string'.
hooks/use-toast.ts(187,45): error TS2345: Argument of type '{ type: "DISMISS_TOAST"; toastId: string | undefined; }' is not assignable to parameter of type 'Action'.
  Type '{ type: "DISMISS_TOAST"; toastId: string | undefined; }' is not assignable to type '{ type: "DISMISS_TOAST"; toastId?: string; }' with 'exactOptionalPropertyTypes: true'. Consider adding 'undefined' to the types of the target's properties.
    Types of property 'toastId' are incompatible.
      Type 'string | undefined' is not assignable to type 'string'.
        Type 'undefined' is not assignable to type 'string'.
